[baseddoge.meme/index.html]
[backblue.gif]
[fade.gif]
[index.html]
[baseddoge.meme/feed/index.html]
[baseddoge.meme/comments/feed/index.html]
[baseddoge.meme/wp-content/plugins/layout-grid/style91809180.css]
[baseddoge.meme/wp-content/themes/seedlet/style63386338.css]
[baseddoge.meme/wp-content/themes/seedlet/assets/css/print63386338.css]
[baseddoge.meme/wp-content/plugins/elementor/assets/lib/eicons/css/elementor-icons.mind54bd54b.css]
[baseddoge.meme/wp-content/plugins/elementor/assets/css/frontend-lite.min73297329.css]
[baseddoge.meme/wp-content/plugins/elementor/assets/lib/swiper/v8/css/swiper.min94a494a4.css]
[baseddoge.meme/wp-content/uploads/elementor/css/post-9606d606d.css]
[baseddoge.meme/wp-content/plugins/elementor-pro/assets/css/frontend-lite.min29162916.css]
[baseddoge.meme/wp-content/uploads/elementor/css/global7b287b28.css]
[baseddoge.meme/wp-content/uploads/elementor/css/post-2f292f292.css]
[baseddoge.meme/wp-content/uploads/elementor/css/post-10147b287b28.css]
[baseddoge.meme/wp-content/themes/blank-canvas/style84fc84fc.css]
[baseddoge.meme/wp-content/plugins/elementor/assets/lib/font-awesome/css/fontawesome.min52d552d5.css]
[baseddoge.meme/wp-content/plugins/elementor/assets/lib/font-awesome/css/solid.min52d552d5.css]
[baseddoge.meme/wp-content/plugins/elementor/assets/lib/font-awesome/css/brands.min52d552d5.css]
[baseddoge.meme/wp-json/index.html]
[baseddoge.meme/wp-json/wp/v2/pages/2.json]
[baseddoge.meme/index-2.html]
[baseddoge.meme/wp-json/oembed/1.0/embed8cbea031.json]
[baseddoge.meme/logo.png]
[baseddoge.meme/wp-content/plugins/elementor-pro/assets/css/widget-nav-menu.min.css]
[baseddoge.meme/wp-content/plugins/unlimited-elements-for-elementor-premium/assets_libraries/font-awesome5/css/fontawesome-all.min.css]
[baseddoge.meme/wp-content/plugins/unlimited-elements-for-elementor-premium/assets_libraries/font-awesome5/css/fontawesome-v4-shims.css]
[baseddoge.meme/about.jpg]
[baseddoge.meme/flag.gif]
[baseddoge.meme/elon.jpg]
[baseddoge.meme/wp-content/plugins/elementor/assets/lib/animations/animations.min73297329.css]
[baseddoge.meme/wp-includes/js/jquery/jquery.minf43bf43b.js]
[baseddoge.meme/wp-includes/js/jquery/jquery-migrate.min55895589.js]
[baseddoge.meme/wp-content/plugins/elementor-pro/assets/lib/smartmenus/jquery.smartmenus.minf269f269.js]
[baseddoge.meme/wp-content/plugins/elementor-pro/assets/js/webpack-pro.runtime.min29162916.js]
[baseddoge.meme/wp-content/plugins/elementor/assets/js/webpack.runtime.min73297329.js]
[baseddoge.meme/wp-content/plugins/elementor/assets/js/frontend-modules.min73297329.js]
[baseddoge.meme/wp-includes/js/dist/vendor/wp-polyfill-inert.min02260226.js]
[baseddoge.meme/wp-includes/js/dist/vendor/regenerator-runtime.min6c856c85.js]
[baseddoge.meme/wp-includes/js/dist/vendor/wp-polyfill.min2c7c2c7c.js]
[baseddoge.meme/wp-includes/js/dist/hooks.min2ebd2ebd.js]
[baseddoge.meme/wp-includes/js/dist/i18n.minf92ff92f.js]
[baseddoge.meme/wp-content/plugins/elementor-pro/assets/js/frontend.min29162916.js]
[baseddoge.meme/wp-content/plugins/elementor/assets/lib/waypoints/waypoints.min05da05da.js]
[baseddoge.meme/wp-includes/js/jquery/ui/core.min3f143f14.js]
[baseddoge.meme/wp-content/plugins/elementor/assets/js/frontend.min73297329.js]
[baseddoge.meme/wp-content/plugins/elementor-pro/assets/js/elements-handlers.min29162916.js]
[baseddoge.meme/wp-content/plugins/elementor-pro/assets/lib/sticky/jquery.sticky.min29162916.js]
[baseddoge.meme/wp-content/uploads/ac_assets/clouds/1.png]
[baseddoge.meme/wp-content/uploads/ac_assets/clouds/2.png]
[baseddoge.meme/wp-content/uploads/ac_assets/clouds/3.png]
[baseddoge.meme/wp-content/uploads/ac_assets/clouds/4.png]
[baseddoge.meme/index.html]
[baseddoge.meme/feed/index.html]
[baseddoge.meme/comments/feed/index.html]
[baseddoge.meme/wp-content/plugins/layout-grid/style91809180.css]
[baseddoge.meme/wp-content/themes/seedlet/style63386338.css]
[baseddoge.meme/wp-content/themes/seedlet/assets/css/print63386338.css]
[baseddoge.meme/wp-content/themes/seedlet/assets/css/custom-color-overrides63386338.css]
[baseddoge.meme/wp-content/plugins/elementor/assets/lib/eicons/fonts/eicons80168016.eot]
[baseddoge.meme/wp-content/plugins/elementor/assets/lib/eicons/fonts/eicons80168016.woff2]
[baseddoge.meme/wp-content/plugins/elementor/assets/lib/eicons/fonts/eicons80168016.woff]
[baseddoge.meme/wp-content/plugins/elementor/assets/lib/eicons/fonts/eicons80168016.ttf]
[baseddoge.meme/wp-content/plugins/elementor/assets/lib/eicons/css/elementor-icons.mind54bd54b.css]
[baseddoge.meme/wp-content/plugins/elementor/assets/css/frontend-lite.min73297329.css]
[baseddoge.meme/wp-content/plugins/elementor/assets/lib/swiper/v8/css/swiper.min94a494a4.css]
[baseddoge.meme/wp-content/plugins/elementor/assets/lib/eicons/fonts/eicons80168016.svg]
[baseddoge.meme/wp-content/uploads/2021/08/Kabob-Regular.html]
[baseddoge.meme/wp-content/uploads/2021/08/Kabob-Bold.html]
[baseddoge.meme/wp-content/uploads/elementor/css/post-9606d606d.css]
[baseddoge.meme/wp-content/plugins/elementor-pro/assets/css/frontend-lite.min29162916.css]
[baseddoge.meme/wp-content/uploads/elementor/css/global7b287b28.css]
[baseddoge.meme/wp-content/uploads/2021/08/KabobExtrabold-Regular.html]
[baseddoge.meme/wp-content/uploads/2023/05/7201549-scaled-e1684608040760.jpg]
[baseddoge.meme/wp-content/uploads/2023/05/background-e16850062117891.png]
[baseddoge.meme/wp-content/uploads/2023/05/background-1-e16850062636491.png]
[baseddoge.meme/wp-content/uploads/elementor/css/post-2f292f292.css]
[baseddoge.meme/wp-content/uploads/elementor/css/post-10147b287b28.css]
[baseddoge.meme/wp-content/themes/blank-canvas/variables.css]
[baseddoge.meme/wp-content/themes/blank-canvas/style84fc84fc.css]
[baseddoge.meme/wp-content/plugins/elementor/assets/lib/font-awesome/css/fontawesome.min52d552d5.css]
[baseddoge.meme/wp-content/plugins/elementor/assets/lib/font-awesome/webfonts/fa-solid-900.eot]
[baseddoge.meme/wp-content/plugins/elementor/assets/lib/font-awesome/webfonts/fa-solid-900d41dd41d.eot]
[baseddoge.meme/wp-content/plugins/elementor/assets/lib/font-awesome/webfonts/fa-solid-900.woff2]
[baseddoge.meme/wp-content/plugins/elementor/assets/lib/font-awesome/webfonts/fa-solid-900.woff]
[baseddoge.meme/wp-content/plugins/elementor/assets/lib/font-awesome/webfonts/fa-solid-900.ttf]
[baseddoge.meme/wp-content/plugins/elementor/assets/lib/font-awesome/css/solid.min52d552d5.css]
[baseddoge.meme/wp-content/plugins/elementor/assets/lib/font-awesome/webfonts/fa-brands-400.eot]
[baseddoge.meme/wp-content/plugins/elementor/assets/lib/font-awesome/webfonts/fa-solid-900.svg]
[baseddoge.meme/wp-content/plugins/elementor/assets/lib/font-awesome/webfonts/fa-brands-400d41dd41d.eot]
[baseddoge.meme/wp-content/plugins/elementor/assets/lib/font-awesome/webfonts/fa-brands-400.woff2]
[baseddoge.meme/wp-content/plugins/elementor/assets/lib/font-awesome/webfonts/fa-brands-400.woff]
[baseddoge.meme/wp-content/plugins/elementor/assets/lib/font-awesome/webfonts/fa-brands-400.ttf]
[baseddoge.meme/wp-content/plugins/elementor/assets/lib/font-awesome/css/brands.min52d552d5.css]
[baseddoge.meme/wp-json/index.html]
[baseddoge.meme/xmlrpc0db00db0.html]
[baseddoge.meme/index-2.html]
[baseddoge.meme/wp-json/oembed/1.0/embed9da0595f.html]
[baseddoge.meme/wp-content/plugins/elementor-pro/assets/css/widget-nav-menu.min.css]
[baseddoge.meme/wp-content/plugins/elementor/assets/lib/font-awesome/webfonts/fa-brands-400.svg]
[baseddoge.meme/wp-content/plugins/unlimited-elements-for-elementor-premium/assets_libraries/font-awesome5/css/fa-brands-400.eot]
[baseddoge.meme/wp-content/plugins/unlimited-elements-for-elementor-premium/assets_libraries/font-awesome5/css/fa-brands-400d41dd41d.eot]
[baseddoge.meme/wp-content/plugins/unlimited-elements-for-elementor-premium/assets_libraries/font-awesome5/css/fa-brands-400.woff2]
[baseddoge.meme/wp-content/plugins/unlimited-elements-for-elementor-premium/assets_libraries/font-awesome5/css/fa-brands-400.woff]
[baseddoge.meme/wp-content/plugins/unlimited-elements-for-elementor-premium/assets_libraries/font-awesome5/css/fa-brands-400.ttf]
[baseddoge.meme/wp-content/plugins/unlimited-elements-for-elementor-premium/assets_libraries/font-awesome5/css/fa-regular-400.eot]
[baseddoge.meme/wp-content/plugins/unlimited-elements-for-elementor-premium/assets_libraries/font-awesome5/css/fa-regular-400d41dd41d.eot]
[baseddoge.meme/wp-content/plugins/unlimited-elements-for-elementor-premium/assets_libraries/font-awesome5/css/fa-brands-400.svg]
[baseddoge.meme/wp-content/plugins/unlimited-elements-for-elementor-premium/assets_libraries/font-awesome5/css/fa-regular-400.woff2]
[baseddoge.meme/wp-content/plugins/unlimited-elements-for-elementor-premium/assets_libraries/font-awesome5/css/fa-regular-400.woff]
[baseddoge.meme/wp-content/plugins/unlimited-elements-for-elementor-premium/assets_libraries/font-awesome5/css/fa-regular-400.ttf]
[baseddoge.meme/wp-content/plugins/unlimited-elements-for-elementor-premium/assets_libraries/font-awesome5/css/fa-regular-400.svg]
[baseddoge.meme/wp-content/plugins/unlimited-elements-for-elementor-premium/assets_libraries/font-awesome5/css/fa-solid-900.eot]
[baseddoge.meme/wp-content/plugins/unlimited-elements-for-elementor-premium/assets_libraries/font-awesome5/css/fa-solid-900d41dd41d.eot]
[baseddoge.meme/wp-content/plugins/unlimited-elements-for-elementor-premium/assets_libraries/font-awesome5/css/fa-solid-900.woff2]
[baseddoge.meme/wp-content/plugins/unlimited-elements-for-elementor-premium/assets_libraries/font-awesome5/css/fa-solid-900.woff]
[baseddoge.meme/wp-content/plugins/unlimited-elements-for-elementor-premium/assets_libraries/font-awesome5/css/fa-solid-900.ttf]
[baseddoge.meme/wp-content/plugins/unlimited-elements-for-elementor-premium/assets_libraries/font-awesome5/css/fontawesome-all.min.css]
[baseddoge.meme/wp-content/plugins/unlimited-elements-for-elementor-premium/assets_libraries/font-awesome5/css/fontawesome-v4-shims.css]
[baseddoge.meme/wp-content/plugins/elementor/assets/lib/animations/animations.min73297329.css]
[baseddoge.meme/wp-content/plugins/elementor/assets/lib/eicons/fonts/eicons80168016.svg]
[baseddoge.meme/wp-content/uploads/2021/08/Kabob-Regular.html]
[baseddoge.meme/wp-content/uploads/2021/08/Kabob-Bold.html]
[baseddoge.meme/wp-content/uploads/2021/08/KabobExtrabold-Regular.html]
[baseddoge.meme/wp-content/uploads/2023/05/background-e1685006211789.html]
[baseddoge.meme/wp-content/themes/blank-canvas/variables.css]
[baseddoge.meme/wp-content/plugins/elementor/assets/lib/font-awesome/webfonts/fa-solid-900.svg]
[baseddoge.meme/wp-content/plugins/elementor/assets/lib/font-awesome/webfonts/fa-brands-400.svg]
[baseddoge.meme/wp-content/plugins/unlimited-elements-for-elementor-premium/assets_libraries/font-awesome5/css/fa-brands-400.svg]
[baseddoge.meme/wp-content/plugins/unlimited-elements-for-elementor-premium/assets_libraries/font-awesome5/css/fa-regular-400.svg]
[baseddoge.meme/wp-content/plugins/unlimited-elements-for-elementor-premium/assets_libraries/font-awesome5/css/fa-solid-900.svg]
[baseddoge.meme/wp-content/plugins/unlimited-elements-for-elementor-premium/assets_libraries/font-awesome5/css/fa-solid-900.svg]
